Feb  6 04:05:34 combo syslogd 1.4.1: restart.
Feb  6 04:10:18 combo su(pam_unix)[12149]: session opened for user news by (uid=0)
Feb  6 04:10:19 combo su(pam_unix)[12149]: session closed for user news
Feb  7 04:07:26 combo su(pam_unix)[29055]: session opened for user news by (uid=0)
Feb  7 04:07:30 combo su(pam_unix)[29055]: session closed for user news
Feb  8 04:07:23 combo su(pam_unix)[31436]: session opened for user news by (uid=0)
Feb  8 04:07:24 combo su(pam_unix)[31436]: session closed for user news
Feb  9 04:07:31 combo su(pam_unix)[1460]: session opened for user news by (uid=0)
Feb  9 04:07:35 combo su(pam_unix)[1460]: session closed for user news
Feb  9 23:56:57 combo sshd(pam_unix)[3204]: session opened for user test by (uid=508)
Feb  9 23:56:57 combo sshd(pam_unix)[3205]: session opened for user test by (uid=508)
Feb  9 23:56:57 combo sshd(pam_unix)[3206]: session opened for user test by (uid=508)
Feb  9 23:56:57 combo sshd(pam_unix)[3203]: session opened for user test by (uid=508)
Feb  9 23:56:57 combo sshd(pam_unix)[3206]: session closed for user test
Feb  9 23:56:57 combo sshd(pam_unix)[3204]: session closed for user test
Feb  9 23:56:57 combo sshd(pam_unix)[3205]: session closed for user test
Feb  9 23:56:57 combo sshd(pam_unix)[3207]: session opened for user test by (uid=508)
Feb  9 23:56:58 combo sshd(pam_unix)[3203]: session closed for user test
Feb  9 23:56:58 combo sshd(pam_unix)[3207]: session closed for user test
Feb 10 04:10:28 combo su(pam_unix)[3967]: session opened for user news by (uid=0)
Feb 10 04:10:28 combo su(pam_unix)[3967]: session closed for user news
Feb 10 14:24:59 combo sshd(pam_unix)[4946]: session opened for user test by (uid=508)
Feb 10 14:24:59 combo sshd(pam_unix)[4946]: session closed for user test
Feb 11 04:08:08 combo su(pam_unix)[6464]: session opened for user news by (uid=0)
Feb 11 04:08:09 combo su(pam_unix)[6464]: session closed for user news
Feb 11 09:58:29 combo sshd(pam_unix)[7086]: authentication failure; logname= uid=0 euid=0 tty=NODEVssh ruser= rhost=www.econtinuafcc.cs.buap.mx  user=mail
Feb 11 13:23:32 combo syslogd 1.4.1: restart.
Feb 11 13:23:32 combo syslog: syslogd startup succeeded
Feb 11 13:23:32 combo kernel: klogd 1.4.1, log source = /proc/kmsg started.
Feb 11 13:23:32 combo kernel: Linux version 2.4.20-8 (bhcompile@porky.devel.redhat.com) (gcc version 3.2.2 20030222 (Red Hat Linux 3.2.2-5)) #1 Thu Mar 13 17:54:28 EST 2003
Feb 11 13:23:32 combo kernel: BIOS-provided physical RAM map:
Feb 11 13:23:32 combo kernel:  BIOS-e820: 0000000000000000 - 00000000000a0000 (usable)
Feb 11 13:23:32 combo kernel:  BIOS-e820: 00000000000f0000 - 0000000000100000 (reserved)
Feb 11 13:23:32 combo kernel:  BIOS-e820: 0000000000100000 - 0000000007eae000 (usable)
Feb 11 13:23:32 combo kernel:  BIOS-e820: 0000000007eae000 - 0000000008000000 (reserved)
Feb 11 13:23:32 combo kernel:  BIOS-e820: 00000000ffb00000 - 0000000100000000 (reserved)
Feb 11 13:23:32 combo kernel: 0MB HIGHMEM available.
Feb 11 13:23:32 combo kernel: 126MB LOWMEM available.
Feb 11 13:23:32 combo kernel: On node 0 totalpages: 32430
Feb 11 13:23:32 combo kernel: zone(0): 4096 pages.
Feb 11 13:23:32 combo syslog: klogd startup succeeded
Feb 11 13:23:32 combo kernel: zone(1): 28334 pages.
Feb 11 13:23:32 combo kernel: zone(2): 0 pages.
Feb 11 13:23:32 combo kernel: Kernel command line: ro root=LABEL=/
Feb 11 13:23:32 combo irqbalance: irqbalance startup succeeded
Feb 11 13:23:32 combo kernel: Initializing CPU#0
Feb 11 13:23:33 combo kernel: Detected 730.970 MHz processor.
Feb 11 13:23:33 combo kernel: Console: colour VGA+ 80x25
Feb 11 13:23:33 combo portmap: portmap startup succeeded
Feb 11 13:23:33 combo kernel: Calibrating delay loop... 1458.17 BogoMIPS
Feb 11 13:23:33 combo kernel: Memory: 123436k/129720k available (1347k kernel code, 4888k reserved, 999k data, 132k init, 0k highmem)
Feb 11 13:23:33 combo kernel: Dentry cache hash table entries: 16384 (order: 5, 131072 bytes)
Feb 11 13:23:33 combo rpc.statd[1601]: Version 1.0.1 Starting
Feb 11 13:23:33 combo nfslock: rpc.statd startup succeeded
Feb 11 13:23:33 combo kernel: Inode cache hash table entries: 8192 (order: 4, 65536 bytes)
Feb 11 13:23:33 combo keytable: Loading keymap: 
Feb 11 13:23:33 combo kernel: Mount cache hash table entries: 512 (order: 0, 4096 bytes)
Feb 11 13:23:33 combo kernel: Buffer-cache hash table entries: 4096 (order: 2, 16384 bytes)
Feb 11 13:23:33 combo kernel: Page-cache hash table entries: 32768 (order: 5, 131072 bytes)
Feb 11 13:23:33 combo kernel: CPU: L1 I cache: 16K, L1 D cache: 16K
Feb 11 13:23:33 combo kernel: CPU: L2 cache: 256K
Feb 11 13:23:33 combo kernel: Intel machine check architecture supported.
Feb 11 13:23:33 combo keytable: 
Feb 11 13:23:33 combo kernel: Intel machine check reporting enabled on CPU#0.
Feb 11 13:23:33 combo keytable: 
Feb 11 13:23:33 combo rc: Starting keytable:  succeeded
Feb 11 13:23:33 combo kernel: CPU: Intel Pentium III (Coppermine) stepping 06
Feb 11 13:23:33 combo kernel: Enabling fast FPU save and restore... done.
Feb 11 13:23:33 combo kernel: Enabling unmasked SIMD FPU exception support... done.
Feb 11 13:23:33 combo kernel: Checking 'hlt' instruction... OK.
Feb 11 13:23:33 combo random: Initializing random number generator:  succeeded
Feb 11 13:23:33 combo kernel: POSIX conformance testing by UNIFIX
Feb 11 13:23:34 combo kernel: mtrr: v1.40 (20010327) Richard Gooch (rgooch@atnf.csiro.au)
Feb 11 13:23:34 combo kernel: mtrr: detected mtrr type: Intel
Feb 11 13:23:34 combo kernel: PCI: PCI BIOS revision 2.10 entry at 0xfc0ce, last bus=1
Feb 11 13:23:34 combo rc: Starting pcmcia:  succeeded
Feb 11 13:23:34 combo kernel: PCI: Using configuration type 1
Feb 11 13:23:29 combo sysctl: kernel.sysrq = 0 
Feb 11 13:23:34 combo netfs: Mounting other filesystems:  succeeded
Feb 11 13:23:34 combo kernel: PCI: Probing PCI hardware
Feb 11 13:23:29 combo sysctl: kernel.core_uses_pid = 1 
Feb 11 13:23:34 combo apmd[1669]: Version 3.0.2 (APM BIOS 1.2, Linux driver 1.16)
Feb 11 13:23:34 combo apmd: apmd startup succeeded
Feb 11 13:23:34 combo kernel: Transparent bridge - Intel Corp. 82801AA PCI Bridge
Feb 11 13:23:29 combo network: Setting network parameters:  succeeded 
Feb 11 13:23:34 combo kernel: PCI: Using IRQ router PIIX [8086/2410] at 00:1f.0
Feb 11 13:23:29 combo network: Bringing up loopback interface:  succeeded 
Feb 11 13:23:34 combo autofs: automount startup succeeded
Feb 11 13:23:34 combo kernel: isapnp: Scanning for PnP cards...
Feb 11 13:23:35 combo kernel: isapnp: No Plug & Play device found
Feb 11 13:23:35 combo kernel: Linux NET4.0 for Linux 2.4
Feb 11 13:23:35 combo kernel: Based upon Swansea University Computer Society NET3.039
Feb 11 13:23:35 combo kernel: Initializing RT netlink socket
Feb 11 13:23:35 combo apmd[1669]: Charge: * * * (-1% unknown)
Feb 11 13:23:35 combo kernel: apm: BIOS version 1.2 Flags 0x03 (Driver version 1.16)
Feb 11 13:23:36 combo kernel: Starting kswapd
Feb 11 13:23:36 combo kernel: VFS: Disk quotas vdquot_6.5.1
Feb 11 13:23:36 combo kernel: pty: 2048 Unix98 ptys configured
Feb 11 13:23:36 combo kernel: Serial driver version 5.05c (2001-07-08) with MANY_PORTS MULTIPORT SHARE_IRQ SERIAL_PCI ISAPNP enabled
Feb 11 13:23:37 combo kernel: ttyS0 at 0x03f8 (irq = 4) is a 16550A
Feb 11 13:23:37 combo sshd:  succeeded
Feb 11 13:23:37 combo kernel: ttyS1 at 0x02f8 (irq = 3) is a 16550A
Feb 11 13:23:37 combo kernel: Real Time Clock Driver v1.10e
Feb 11 13:23:37 combo kernel: Floppy drive(s): fd0 is 1.44M
Feb 11 13:23:38 combo kernel: FDC 0 is a National Semiconductor PC87306
Feb 11 13:23:38 combo kernel: NET4: Frame Diverter 0.46
Feb 11 13:23:38 combo kernel: RAMDISK driver initialized: 16 RAM disks of 4096K size 1024 blocksize
Feb 11 13:23:38 combo kernel: Uniform Multi-Platform E-IDE driver Revision: 7.00beta-2.4
Feb 11 13:23:38 combo kernel: ide: Assuming 33MHz system bus speed for PIO modes; override with idebus=xx
Feb 11 13:23:38 combo kernel: ICH: IDE controller at PCI slot 00:1f.1
Feb 11 13:23:38 combo kernel: ICH: chipset revision 2
Feb 11 13:23:38 combo kernel: ICH: not 100%% native mode: will probe irqs later
Feb 11 13:23:38 combo kernel:     ide0: BM-DMA at 0xffa0-0xffa7, BIOS settings: hda:DMA, hdb:pio
Feb 11 13:23:38 combo kernel:     ide1: BM-DMA at 0xffa8-0xffaf, BIOS settings: hdc:DMA, hdd:pio
Feb 11 13:23:38 combo kernel: hda: IBM-DTLA-307015, ATA DISK drive
Feb 11 13:23:38 combo kernel: blk: queue c03c9f40, I/O limit 4095Mb (mask 0xffffffff)
Feb 11 13:23:38 combo kernel: hdc: SAMSUNG CD-ROM SN-124, ATAPI CD/DVD-ROM drive
Feb 11 13:23:38 combo kernel: hdc: Disabling (U)DMA for SAMSUNG CD-ROM SN-124
Feb 11 13:23:38 combo kernel: ide0 at 0x1f0-0x1f7,0x3f6 on irq 14
Feb 11 13:23:38 combo kernel: ide1 at 0x170-0x177,0x376 on irq 15
Feb 11 13:23:39 combo kernel: hda: host protected area => 1
Feb 11 13:23:39 combo kernel: hda: 29336832 sectors (15020 MB) w/1916KiB Cache, CHS=1826/255/63, UDMA(66)
Feb 11 13:23:39 combo kernel: ide-floppy driver 0.99.newide
Feb 11 13:23:39 combo kernel: Partition check:
Feb 11 13:23:39 combo kernel:  hda: hda1 hda2 hda3
Feb 11 13:23:39 combo kernel: ide-floppy driver 0.99.newide
Feb 11 13:23:39 combo kernel: md: md driver 0.90.0 MAX_MD_DEVS=256, MD_SB_DISKS=27
Feb 11 13:23:39 combo kernel: md: Autodetecting RAID arrays.
Feb 11 13:23:39 combo kernel: md: autorun ...
Feb 11 13:23:39 combo kernel: md: ... autorun DONE.
Feb 11 13:23:39 combo kernel: NET4: Linux TCP/IP 1.0 for NET4.0
Feb 11 13:23:39 combo kernel: IP Protocols: ICMP, UDP, TCP, IGMP
Feb 11 13:23:39 combo kernel: IP: routing cache hash table of 512 buckets, 4Kbytes
Feb 11 13:23:39 combo kernel: TCP: Hash tables configured (established 8192 bind 16384)
Feb 11 13:23:39 combo kernel: Linux IP multicast router 0.06 plus PIM-SM
Feb 11 13:23:39 combo kernel: NET4: Unix domain sockets 1.0/SMP for Linux NET4.0.
Feb 11 13:23:39 combo kernel: RAMDISK: Compressed image found at block 0
Feb 11 13:23:39 combo kernel: Freeing initrd memory: 145k freed
Feb 11 13:23:39 combo kernel: VFS: Mounted root (ext2 filesystem).
Feb 11 13:23:40 combo kernel: Journalled Block Device driver loaded
Feb 11 13:23:40 combo kernel: EXT3-fs: INFO: recovery required on readonly filesystem.
Feb 11 13:23:40 combo kernel: EXT3-fs: write access will be enabled during recovery.
Feb 11 13:23:40 combo kernel: kjournald starting.  Commit interval 5 seconds
Feb 11 13:23:40 combo kernel: EXT3-fs: recovery complete.
Feb 11 13:23:40 combo kernel: EXT3-fs: mounted filesystem with ordered data mode.
Feb 11 13:23:40 combo kernel: Freeing unused kernel memory: 132k freed
Feb 11 13:23:40 combo kernel: usb.c: registered new driver usbdevfs
Feb 11 13:23:40 combo kernel: usb.c: registered new driver hub
Feb 11 13:23:40 combo kernel: usb-uhci.c: $Revision: 1.275 $ time 17:59:01 Mar 13 2003
Feb 11 13:23:40 combo kernel: usb-uhci.c: High bandwidth mode enabled
Feb 11 13:23:40 combo kernel: PCI: Found IRQ 11 for device 00:1f.2
Feb 11 13:23:40 combo kernel: usb-uhci.c: USB UHCI at I/O 0xff80, IRQ 11
Feb 11 13:23:40 combo kernel: usb-uhci.c: Detected 2 ports
Feb 11 13:23:40 combo kernel: usb.c: new USB bus registered, assigned bus number 1
Feb 11 13:23:40 combo kernel: hub.c: USB hub found
Feb 11 13:23:40 combo kernel: hub.c: 2 ports detected
Feb 11 13:23:40 combo kernel: usb-uhci.c: v1.275:USB Universal Host Controller Interface driver
Feb 11 13:23:40 combo kernel: usb.c: registered new driver hiddev
Feb 11 13:23:40 combo kernel: usb.c: registered new driver hid
Feb 11 13:23:40 combo kernel: hid-core.c: v1.8.1 Andreas Gal, Vojtech Pavlik <vojtech@suse.cz>
Feb 11 13:23:40 combo kernel: hid-core.c: USB HID support drivers
Feb 11 13:23:40 combo kernel: mice: PS/2 mouse device common for all mice
Feb 11 13:23:40 combo kernel: EXT3 FS 2.4-0.9.19, 19 August 2002 on ide0(3,2), internal journal
Feb 11 13:23:40 combo kernel: Adding Swap: 530136k swap-space (priority -1)
Feb 11 13:23:40 combo kernel: kjournald starting.  Commit interval 5 seconds
Feb 11 13:23:40 combo kernel: EXT3 FS 2.4-0.9.19, 19 August 2002 on ide0(3,1), internal journal
Feb 11 13:23:40 combo kernel: EXT3-fs: mounted filesystem with ordered data mode.
Feb 11 13:23:40 combo kernel: IA-32 Microcode Update Driver: v1.11 <tigran@veritas.com>
Feb 11 13:23:40 combo kernel: microcode: CPU0 already at revision 8 (current=8)
Feb 11 13:23:40 combo kernel: microcode: freed 2048 bytes
Feb 11 13:23:40 combo kernel: parport0: PC-style at 0x378 (0x778) [PCSPP,TRISTATE,EPP]
Feb 11 13:23:40 combo kernel: parport0: irq 7 detected
Feb 11 13:23:40 combo kernel: ip_tables: (C) 2000-2002 Netfilter core team
Feb 11 13:23:40 combo kernel: PCI: Found IRQ 5 for device 01:0c.0
Feb 11 13:23:40 combo kernel: 3c59x: Donald Becker and others. www.scyld.com/network/vortex.html
Feb 11 13:23:40 combo kernel: See Documentation/networking/vortex.txt
Feb 11 13:23:40 combo kernel: 01:0c.0: 3Com PCI 3c905C Tornado at 0xec80. Vers LK1.1.18-ac
Feb 11 13:23:40 combo kernel:  00:b0:d0:87:85:c3, IRQ 5
Feb 11 13:23:40 combo kernel:   product code 0000 rev 00.14 date 07-16-104
Feb 11 13:23:40 combo kernel:   8K byte-wide RAM 5:3 Rx:Tx split, autoselect/Autonegotiate interface.
Feb 11 13:23:40 combo kernel:   MII transceiver found at address 24, status 782d.
Feb 11 13:23:40 combo kernel:   Enabling bus-master transmits and whole-frame receives.
Feb 11 13:23:40 combo kernel: 01:0c.0: scatter/gather enabled. h/w checksums enabled
Feb 11 13:23:40 combo kernel: ip_tables: (C) 2000-2002 Netfilter core team
Feb 11 13:23:41 combo xinetd: xinetd startup succeeded
Feb 11 13:23:41 combo xinetd[1720]: xinetd Version 2.3.10 started with libwrap options compiled in.
Feb 11 13:23:41 combo xinetd[1720]: Started working: 2 available services
Feb 11 13:23:42 combo sendmail: sendmail startup succeeded
Feb 11 13:23:43 combo sendmail: sm-client startup succeeded
Feb 11 13:23:45 combo spamassassin: spamd startup succeeded
Feb 11 13:23:45 combo gpm: gpm startup succeeded
Feb 11 13:23:48 combo canna:  succeeded
Feb 11 13:23:48 combo crond: crond startup succeeded
Feb 11 13:23:51 combo kernel: parport0: PC-style at 0x378 (0x778) [PCSPP,TRISTATE,EPP]
Feb 11 13:23:51 combo kernel: parport0: irq 7 detected
Feb 11 13:23:51 combo kernel: lp0: using parport0 (polling).
Feb 11 13:23:51 combo kernel: lp0: console ready
Feb 11 13:23:51 combo modprobe: modprobe: Can't locate module char-major-188
Feb 11 13:23:52 combo last message repeated 15 times
Feb 11 13:23:52 combo cups: cupsd startup succeeded
Feb 11 13:23:53 combo xfs: xfs startup succeeded
Feb 11 13:23:54 combo anacron: anacron startup succeeded
Feb 11 13:23:54 combo atd: atd startup succeeded
Feb 11 13:23:59 combo httpd: httpd startup succeeded
Feb 11 13:24:00 combo squid[2016]: Squid Parent: child process 2019 started
Feb 11 13:24:03 combo named[2037]: starting BIND 9.2.1 -u named
Feb 11 13:24:03 combo named[2037]: using 1 CPU
Feb 11 13:24:03 combo named: named startup succeeded
Feb 11 13:24:03 combo named[2037]: loading configuration from '/etc/named.conf'
Feb 11 13:24:03 combo named[2037]: no IPv6 interfaces found
Feb 11 13:24:03 combo named[2037]: listening on IPv4 interface lo, 127.0.0.1#53
Feb 11 13:24:03 combo named[2037]: listening on IPv4 interface eth0, 11.11.79.67#53
Feb 11 13:24:03 combo named[2037]: listening on IPv4 interface eth0:1, 11.11.79.69#53
Feb 11 13:24:03 combo named[2037]: listening on IPv4 interface eth0:2, 11.11.79.70#53
Feb 11 13:24:03 combo named[2037]: listening on IPv4 interface eth0:3, 11.11.79.71#53
Feb 11 13:24:03 combo named[2037]: listening on IPv4 interface eth0:4, 11.11.79.72#53
Feb 11 13:24:03 combo named[2037]: listening on IPv4 interface eth0:5, 11.11.79.73#53
Feb 11 13:24:03 combo named[2037]: listening on IPv4 interface eth0:6, 11.11.79.75#53
Feb 11 13:24:03 combo named[2037]: listening on IPv4 interface eth0:7, 11.11.79.80#53
Feb 11 13:24:03 combo named[2037]: listening on IPv4 interface eth0:8, 11.11.79.81#53
Feb 11 13:24:04 combo named[2037]: listening on IPv4 interface eth0:9, 11.11.79.82#53
Feb 11 13:24:04 combo named[2037]: listening on IPv4 interface eth0:10, 11.11.79.83#53
Feb 11 13:24:04 combo snmpd: snmpd startup succeeded
Feb 11 13:24:04 combo named[2037]: listening on IPv4 interface eth0:11, 11.11.79.84#53
Feb 11 13:24:04 combo kernel: ip_tables: (C) 2000-2002 Netfilter core team
Feb 11 13:24:05 combo named[2037]: listening on IPv4 interface eth0:12, 11.11.79.85#53
Feb 11 13:24:05 combo net-snmp[2049]: NET-SNMP version 5.0.6 
Feb 11 13:24:05 combo ntpd: ntpd startup succeeded
Feb 11 13:24:05 combo ntpd[2062]: ntpd 4.1.1c-rc1@1.836 Thu Feb 13 12:17:19 EST 2003 (1)
Feb 11 13:24:05 combo named[2037]: listening on IPv4 interface eth0:13, 11.11.79.87#53
Feb 11 13:24:06 combo mysqld: Starting MySQL:  succeeded
Feb 11 13:24:06 combo named[2037]: listening on IPv4 interface eth0:14, 11.11.79.89#53
Feb 11 13:24:07 combo named[2037]: listening on IPv4 interface eth0:15, 11.11.79.90#53
Feb 11 13:24:07 combo rsyncd[2100]: rsyncd version 2.5.5 starting, listening on port 873 
Feb 11 13:24:07 combo named[2037]: listening on IPv4 interface eth0:16, 11.11.79.95#53
Feb 11 13:24:07 combo ntpd[2062]: precision = 12 usec
Feb 11 13:24:08 combo named[2037]: listening on IPv4 interface eth0:17, 11.11.79.100#53
Feb 11 13:24:09 combo named[2037]: listening on IPv4 interface eth0:18, 11.11.79.105#53
Feb 11 13:24:08 combo ntpd[2062]: kernel time discipline status 0040
Feb 11 13:24:09 combo named[2037]: listening on IPv4 interface eth0:19, 11.11.79.110#53
Feb 11 13:24:10 combo ntpd[2062]: frequency initialized 0.000 from /etc/ntp/drift
Feb 11 13:24:10 combo named[2037]: listening on IPv4 interface eth0:20, 11.11.79.115#53
Feb 11 13:24:10 combo named[2037]: listening on IPv4 interface eth0:21, 11.11.79.120#53
Feb 11 13:24:10 combo named[2037]: listening on IPv4 interface eth0:22, 11.11.79.125#53
Feb 11 13:24:11 combo named[2037]: command channel listening on 127.0.0.1#953
Feb 11 13:24:11 combo named[2037]: zone 0.0.127.in-addr.arpa/IN: loaded serial 1997022700
Feb 11 13:24:11 combo named[2037]: zone localhost/IN: loaded serial 42
Feb 11 13:24:11 combo named[2037]: running
Feb 11 13:27:34 combo ntpd[2062]: kernel time discipline status change 41
Feb 11 13:28:40 combo ntpd[2062]: kernel time discipline status change 1
Feb 12 04:11:22 combo su(pam_unix)[3742]: session opened for user news by (uid=0)
Feb 12 04:11:22 combo su(pam_unix)[3742]: session closed for user news
Feb 13 04:03:09 combo cups: cupsd shutdown succeeded
Feb 13 04:03:12 combo modprobe: modprobe: Can't locate module char-major-188
Feb 13 04:03:12 combo last message repeated 15 times
Feb 13 04:03:12 combo cups: cupsd startup succeeded
